{
    "tag": "AnalysisSuccess",
    "contents": [
        [],
        [
            [
                "succ",
                [
                    [
                        [
                            {
                                "tag": "VariablePattern",
                                "contents": "~a"
                            },
                            {
                                "tag": "VariablePattern",
                                "contents": "~b"
                            }
                        ],
                        [
                            {
                                "tag": "WildcardPattern",
                                "contents": []
                            },
                            {
                                "tag": "WildcardPattern",
                                "contents": []
                            }
                        ]
                    ],
                    [
                        [
                            {
                                "tag": "VariablePattern",
                                "contents": "~a"
                            },
                            {
                                "tag": "VariablePattern",
                                "contents": "~b"
                            }
                        ],
                        [
                            {
                                "tag": "WildcardPattern",
                                "contents": []
                            },
                            {
                                "tag": "WildcardPattern",
                                "contents": []
                            }
                        ]
                    ],
                    [
                        [
                            {
                                "tag": "VariablePattern",
                                "contents": "~a"
                            },
                            {
                                "tag": "VariablePattern",
                                "contents": "~b"
                            }
                        ],
                        [
                            {
                                "tag": "WildcardPattern",
                                "contents": []
                            },
                            {
                                "tag": "WildcardPattern",
                                "contents": []
                            }
                        ]
                    ],
                    [
                        [
                            {
                                "tag": "VariablePattern",
                                "contents": "~a"
                            },
                            {
                                "tag": "VariablePattern",
                                "contents": "~b"
                            }
                        ],
                        [
                            {
                                "tag": "WildcardPattern",
                                "contents": []
                            },
                            {
                                "tag": "WildcardPattern",
                                "contents": []
                            }
                        ]
                    ],
                    [
                        [
                            {
                                "tag": "VariablePattern",
                                "contents": "~a"
                            },
                            {
                                "tag": "VariablePattern",
                                "contents": "~b"
                            }
                        ],
                        [
                            {
                                "tag": "WildcardPattern",
                                "contents": []
                            },
                            {
                                "tag": "WildcardPattern",
                                "contents": []
                            }
                        ]
                    ],
                    [
                        [
                            {
                                "tag": "VariablePattern",
                                "contents": "~a"
                            },
                            {
                                "tag": "VariablePattern",
                                "contents": "~b"
                            }
                        ],
                        [
                            {
                                "tag": "WildcardPattern",
                                "contents": []
                            },
                            {
                                "tag": "WildcardPattern",
                                "contents": []
                            }
                        ]
                    ],
                    [
                        [
                            {
                                "tag": "VariablePattern",
                                "contents": "~a"
                            },
                            {
                                "tag": "VariablePattern",
                                "contents": "~b"
                            }
                        ],
                        [
                            {
                                "tag": "WildcardPattern",
                                "contents": []
                            },
                            {
                                "tag": "WildcardPattern",
                                "contents": []
                            }
                        ]
                    ],
                    [
                        [
                            {
                                "tag": "VariablePattern",
                                "contents": "~a"
                            },
                            {
                                "tag": "VariablePattern",
                                "contents": "~b"
                            }
                        ],
                        [
                            {
                                "tag": "WildcardPattern",
                                "contents": []
                            },
                            {
                                "tag": "WildcardPattern",
                                "contents": []
                            }
                        ]
                    ],
                    [
                        [
                            {
                                "tag": "VariablePattern",
                                "contents": "~a"
                            },
                            {
                                "tag": "VariablePattern",
                                "contents": "~b"
                            }
                        ],
                        [
                            {
                                "tag": "WildcardPattern",
                                "contents": []
                            },
                            {
                                "tag": "WildcardPattern",
                                "contents": []
                            }
                        ]
                    ],
                    [
                        [
                            {
                                "tag": "VariablePattern",
                                "contents": "~a"
                            },
                            {
                                "tag": "VariablePattern",
                                "contents": "~b"
                            }
                        ],
                        [
                            {
                                "tag": "WildcardPattern",
                                "contents": []
                            },
                            {
                                "tag": "WildcardPattern",
                                "contents": []
                            }
                        ]
                    ],
                    [
                        [
                            {
                                "tag": "VariablePattern",
                                "contents": "~a"
                            },
                            {
                                "tag": "VariablePattern",
                                "contents": "~b"
                            }
                        ],
                        [
                            {
                                "tag": "WildcardPattern",
                                "contents": []
                            },
                            {
                                "tag": "WildcardPattern",
                                "contents": []
                            }
                        ]
                    ],
                    [
                        [
                            {
                                "tag": "VariablePattern",
                                "contents": "~a"
                            },
                            {
                                "tag": "VariablePattern",
                                "contents": "~b"
                            }
                        ],
                        [
                            {
                                "tag": "WildcardPattern",
                                "contents": []
                            },
                            {
                                "tag": "WildcardPattern",
                                "contents": []
                            }
                        ]
                    ],
                    [
                        [
                            {
                                "tag": "VariablePattern",
                                "contents": "~a"
                            },
                            {
                                "tag": "VariablePattern",
                                "contents": "~b"
                            }
                        ],
                        [
                            {
                                "tag": "WildcardPattern",
                                "contents": []
                            },
                            {
                                "tag": "WildcardPattern",
                                "contents": []
                            }
                        ]
                    ],
                    [
                        [
                            {
                                "tag": "VariablePattern",
                                "contents": "~a"
                            },
                            {
                                "tag": "VariablePattern",
                                "contents": "~b"
                            }
                        ],
                        [
                            {
                                "tag": "WildcardPattern",
                                "contents": []
                            },
                            {
                                "tag": "WildcardPattern",
                                "contents": []
                            }
                        ]
                    ]
                ]
            ]
        ]
    ]
}
