{
    "tag": "AnalysisError",
    "contents": {
        "tag": "ProcessError",
        "contents": {
            "tag": "UnpredictedError",
            "contents": "coveredValues: unsupported pattern [VariablePattern \"_\",ConstructorPattern \"Sum\" [ConstructorPattern \"B\" []]] with values CVAV {valueAbstraction = [ConstructorPattern \"Sum\" [ConstructorPattern \"C\" []],VariablePattern \"fresh1\"], gamma = fromList [(\"fresh0\",TypeConstructor \"MyMaybe\"),(\"fresh1\",TypeConstructor \"MyMaybe\"),(\"fresh5\",TypeConstructor \"MyTrinary\")], delta = ConstraintSet {termConstraints = [], typeConstraints = [(TypeConstructor \"MyTrinary\",TypeConstructor \"MyTrinary\"),(TypeConstructor \"MyMaybe\",TypeConstructor \"MyMaybe\")]}}"
        }
    }
}