{
    "tag": "AnalysisSuccess",
    "contents": [
        [
            "f",
            {
                "tag": "NonExhaustive",
                "contents": [
                    [
                        {
                            "tag": "WildcardPattern",
                            "contents": []
                        }
                    ]
                ]
            }
        ]
    ]
}
